// Jest Snapshot v1, https://goo.gl/fbAQLP

exports[`should render a div 1`] = `
<div
  className="sc-htpNat jqpHFZ sc-bwzfXH cZTpwT sc-bdVaJa jolpEI"
/>
`;
